// Jest Snapshot v1, https://goo.gl/fbAQLP

exports[`Board renders without crashing 1`] = `
<div
  class="BoardView css-8nc5pf"
>
  <div
    class="SquareView css-8516zs"
  >
    <img
      alt=""
      class="Piece r css-1jdlnud"
      opacity="1"
      src="[object Object]"
    />
  </div>
  <div
    class="SquareView css-8516zs"
  >
    <img
      alt=""
      class="Piece n css-1jdlnud"
      opacity="1"
      src="[object Object]"
    />
  </div>
  <div
    class="SquareView css-8516zs"
  >
    <img
      alt=""
      class="Piece b css-1jdlnud"
      opacity="1"
      src="[object Object]"
    />
  </div>
  <div
    class="SquareView css-8516zs"
  >
    <img
      alt=""
      class="Piece a css-1jdlnud"
      opacity="1"
      src="[object Object]"
    />
  </div>
  <div
    class="SquareView css-8516zs"
  >
    <img
      alt=""
      class="Piece k css-1jdlnud"
      opacity="1"
      src="[object Object]"
    />
  </div>
  <div
    class="SquareView css-8516zs"
  >
    <img
      alt=""
      class="Piece a css-1jdlnud"
      opacity="1"
      src="[object Object]"
    />
  </div>
  <div
    class="SquareView css-8516zs"
  >
    <img
      alt=""
      class="Piece b css-1jdlnud"
      opacity="1"
      src="[object Object]"
    />
  </div>
  <div
    class="SquareView css-8516zs"
  >
    <img
      alt=""
      class="Piece n css-1jdlnud"
      opacity="1"
      src="[object Object]"
    />
  </div>
  <div
    class="SquareView css-8516zs"
  >
    <img
      alt=""
      class="Piece r css-1jdlnud"
      opacity="1"
      src="[object Object]"
    />
  </div>
  <div
    class="SquareView css-8516zs"
  />
  <div
    class="SquareView css-8516zs"
  />
  <div
    class="SquareView css-8516zs"
  />
  <div
    class="SquareView css-8516zs"
  />
  <div
    class="SquareView css-8516zs"
  />
  <div
    class="SquareView css-8516zs"
  />
  <div
    class="SquareView css-8516zs"
  />
  <div
    class="SquareView css-8516zs"
  />
  <div
    class="SquareView css-8516zs"
  />
  <div
    class="SquareView css-8516zs"
  />
  <div
    class="SquareView css-8516zs"
  >
    <img
      alt=""
      class="Piece c css-1jdlnud"
      opacity="1"
      src="[object Object]"
    />
  </div>
  <div
    class="SquareView css-8516zs"
  />
  <div
    class="SquareView css-8516zs"
  />
  <div
    class="SquareView css-8516zs"
  />
  <div
    class="SquareView css-8516zs"
  />
  <div
    class="SquareView css-8516zs"
  />
  <div
    class="SquareView css-8516zs"
  >
    <img
      alt=""
      class="Piece c css-1jdlnud"
      opacity="1"
      src="[object Object]"
    />
  </div>
  <div
    class="SquareView css-8516zs"
  />
  <div
    class="SquareView css-8516zs"
  >
    <img
      alt=""
      class="Piece p css-1jdlnud"
      opacity="1"
      src="[object Object]"
    />
  </div>
  <div
    class="SquareView css-8516zs"
  />
  <div
    class="SquareView css-8516zs"
  >
    <img
      alt=""
      class="Piece p css-1jdlnud"
      opacity="1"
      src="[object Object]"
    />
  </div>
  <div
    class="SquareView css-8516zs"
  />
  <div
    class="SquareView css-8516zs"
  >
    <img
      alt=""
      class="Piece p css-1jdlnud"
      opacity="1"
      src="[object Object]"
    />
  </div>
  <div
    class="SquareView css-8516zs"
  />
  <div
    class="SquareView css-8516zs"
  >
    <img
      alt=""
      class="Piece p css-1jdlnud"
      opacity="1"
      src="[object Object]"
    />
  </div>
  <div
    class="SquareView css-8516zs"
  />
  <div
    class="SquareView css-8516zs"
  >
    <img
      alt=""
      class="Piece p css-1jdlnud"
      opacity="1"
      src="[object Object]"
    />
  </div>
  <div
    class="SquareView css-8516zs"
  />
  <div
    class="SquareView css-8516zs"
  />
  <div
    class="SquareView css-8516zs"
  />
  <div
    class="SquareView css-8516zs"
  />
  <div
    class="SquareView css-8516zs"
  />
  <div
    class="SquareView css-8516zs"
  />
  <div
    class="SquareView css-8516zs"
  />
  <div
    class="SquareView css-8516zs"
  />
  <div
    class="SquareView css-8516zs"
  />
  <div
    class="SquareView css-8516zs"
  />
  <div
    class="SquareView css-8516zs"
  />
  <div
    class="SquareView css-8516zs"
  />
  <div
    class="SquareView css-8516zs"
  />
  <div
    class="SquareView css-8516zs"
  />
  <div
    class="SquareView css-8516zs"
  />
  <div
    class="SquareView css-8516zs"
  />
  <div
    class="SquareView css-8516zs"
  />
  <div
    class="SquareView css-8516zs"
  />
  <div
    class="SquareView css-8516zs"
  >
    <img
      alt=""
      class="Piece P css-1jdlnud"
      opacity="1"
      src="[object Object]"
    />
  </div>
  <div
    class="SquareView css-8516zs"
  />
  <div
    class="SquareView css-8516zs"
  >
    <img
      alt=""
      class="Piece P css-1jdlnud"
      opacity="1"
      src="[object Object]"
    />
  </div>
  <div
    class="SquareView css-8516zs"
  />
  <div
    class="SquareView css-8516zs"
  >
    <img
      alt=""
      class="Piece P css-1jdlnud"
      opacity="1"
      src="[object Object]"
    />
  </div>
  <div
    class="SquareView css-8516zs"
  />
  <div
    class="SquareView css-8516zs"
  >
    <img
      alt=""
      class="Piece P css-1jdlnud"
      opacity="1"
      src="[object Object]"
    />
  </div>
  <div
    class="SquareView css-8516zs"
  />
  <div
    class="SquareView css-8516zs"
  >
    <img
      alt=""
      class="Piece P css-1jdlnud"
      opacity="1"
      src="[object Object]"
    />
  </div>
  <div
    class="SquareView css-8516zs"
  />
  <div
    class="SquareView css-8516zs"
  >
    <img
      alt=""
      class="Piece C css-1jdlnud"
      opacity="1"
      src="[object Object]"
    />
  </div>
  <div
    class="SquareView css-8516zs"
  />
  <div
    class="SquareView css-8516zs"
  />
  <div
    class="SquareView css-8516zs"
  />
  <div
    class="SquareView css-8516zs"
  />
  <div
    class="SquareView css-8516zs"
  />
  <div
    class="SquareView css-8516zs"
  >
    <img
      alt=""
      class="Piece C css-1jdlnud"
      opacity="1"
      src="[object Object]"
    />
  </div>
  <div
    class="SquareView css-8516zs"
  />
  <div
    class="SquareView css-8516zs"
  />
  <div
    class="SquareView css-8516zs"
  />
  <div
    class="SquareView css-8516zs"
  />
  <div
    class="SquareView css-8516zs"
  />
  <div
    class="SquareView css-8516zs"
  />
  <div
    class="SquareView css-8516zs"
  />
  <div
    class="SquareView css-8516zs"
  />
  <div
    class="SquareView css-8516zs"
  />
  <div
    class="SquareView css-8516zs"
  />
  <div
    class="SquareView css-8516zs"
  >
    <img
      alt=""
      class="Piece R css-1jdlnud"
      opacity="1"
      src="[object Object]"
    />
  </div>
  <div
    class="SquareView css-8516zs"
  >
    <img
      alt=""
      class="Piece N css-1jdlnud"
      opacity="1"
      src="[object Object]"
    />
  </div>
  <div
    class="SquareView css-8516zs"
  >
    <img
      alt=""
      class="Piece B css-1jdlnud"
      opacity="1"
      src="[object Object]"
    />
  </div>
  <div
    class="SquareView css-8516zs"
  >
    <img
      alt=""
      class="Piece A css-1jdlnud"
      opacity="1"
      src="[object Object]"
    />
  </div>
  <div
    class="SquareView css-8516zs"
  >
    <img
      alt=""
      class="Piece K css-1jdlnud"
      opacity="1"
      src="[object Object]"
    />
  </div>
  <div
    class="SquareView css-8516zs"
  >
    <img
      alt=""
      class="Piece A css-1jdlnud"
      opacity="1"
      src="[object Object]"
    />
  </div>
  <div
    class="SquareView css-8516zs"
  >
    <img
      alt=""
      class="Piece B css-1jdlnud"
      opacity="1"
      src="[object Object]"
    />
  </div>
  <div
    class="SquareView css-8516zs"
  >
    <img
      alt=""
      class="Piece N css-1jdlnud"
      opacity="1"
      src="[object Object]"
    />
  </div>
  <div
    class="SquareView css-8516zs"
  >
    <img
      alt=""
      class="Piece R css-1jdlnud"
      opacity="1"
      src="[object Object]"
    />
  </div>
</div>
`;
