// Jest Snapshot v1, https://goo.gl/fbAQLP

exports[`Board renders without crashing 1`] = `
<div
  class="BoardView css-gwm4lo"
>
  <div
    class="SquareView css-8516zs"
  >
    <img
      alt=""
      class="Piece r css-lipao6"
      opacity="1"
      src="[object Object]"
    />
  </div>
  <div
    class="SquareView css-8516zs"
  >
    <img
      alt=""
      class="Piece n css-lipao6"
      opacity="1"
      src="[object Object]"
    />
  </div>
  <div
    class="SquareView css-8516zs"
  >
    <img
      alt=""
      class="Piece b css-lipao6"
      opacity="1"
      src="[object Object]"
    />
  </div>
  <div
    class="SquareView css-8516zs"
  >
    <img
      alt=""
      class="Piece a css-lipao6"
      opacity="1"
      src="[object Object]"
    />
  </div>
  <div
    class="SquareView css-8516zs"
  >
    <img
      alt=""
      class="Piece k css-lipao6"
      opacity="1"
      src="[object Object]"
    />
  </div>
  <div
    class="SquareView css-8516zs"
  >
    <img
      alt=""
      class="Piece a css-lipao6"
      opacity="1"
      src="[object Object]"
    />
  </div>
  <div
    class="SquareView css-8516zs"
  >
    <img
      alt=""
      class="Piece b css-lipao6"
      opacity="1"
      src="[object Object]"
    />
  </div>
  <div
    class="SquareView css-8516zs"
  >
    <img
      alt=""
      class="Piece n css-lipao6"
      opacity="1"
      src="[object Object]"
    />
  </div>
  <div
    class="SquareView css-8516zs"
  >
    <img
      alt=""
      class="Piece r css-lipao6"
      opacity="1"
      src="[object Object]"
    />
  </div>
  <div
    class="SquareView css-8516zs"
  />
  <div
    class="SquareView css-8516zs"
  />
  <div
    class="SquareView css-8516zs"
  />
  <div
    class="SquareView css-8516zs"
  />
  <div
    class="SquareView css-8516zs"
  />
  <div
    class="SquareView css-8516zs"
  />
  <div
    class="SquareView css-8516zs"
  />
  <div
    class="SquareView css-8516zs"
  />
  <div
    class="SquareView css-8516zs"
  />
  <div
    class="SquareView css-8516zs"
  />
  <div
    class="SquareView css-8516zs"
  >
    <img
      alt=""
      class="Piece c css-lipao6"
      opacity="1"
      src="[object Object]"
    />
  </div>
  <div
    class="SquareView css-8516zs"
  />
  <div
    class="SquareView css-8516zs"
  />
  <div
    class="SquareView css-8516zs"
  />
  <div
    class="SquareView css-8516zs"
  />
  <div
    class="SquareView css-8516zs"
  />
  <div
    class="SquareView css-8516zs"
  >
    <img
      alt=""
      class="Piece c css-lipao6"
      opacity="1"
      src="[object Object]"
    />
  </div>
  <div
    class="SquareView css-8516zs"
  />
  <div
    class="SquareView css-8516zs"
  >
    <img
      alt=""
      class="Piece p css-lipao6"
      opacity="1"
      src="[object Object]"
    />
  </div>
  <div
    class="SquareView css-8516zs"
  />
  <div
    class="SquareView css-8516zs"
  >
    <img
      alt=""
      class="Piece p css-lipao6"
      opacity="1"
      src="[object Object]"
    />
  </div>
  <div
    class="SquareView css-8516zs"
  />
  <div
    class="SquareView css-8516zs"
  >
    <img
      alt=""
      class="Piece p css-lipao6"
      opacity="1"
      src="[object Object]"
    />
  </div>
  <div
    class="SquareView css-8516zs"
  />
  <div
    class="SquareView css-8516zs"
  >
    <img
      alt=""
      class="Piece p css-lipao6"
      opacity="1"
      src="[object Object]"
    />
  </div>
  <div
    class="SquareView css-8516zs"
  />
  <div
    class="SquareView css-8516zs"
  >
    <img
      alt=""
      class="Piece p css-lipao6"
      opacity="1"
      src="[object Object]"
    />
  </div>
  <div
    class="SquareView css-8516zs"
  />
  <div
    class="SquareView css-8516zs"
  />
  <div
    class="SquareView css-8516zs"
  />
  <div
    class="SquareView css-8516zs"
  />
  <div
    class="SquareView css-8516zs"
  />
  <div
    class="SquareView css-8516zs"
  />
  <div
    class="SquareView css-8516zs"
  />
  <div
    class="SquareView css-8516zs"
  />
  <div
    class="SquareView css-8516zs"
  />
  <div
    class="SquareView css-8516zs"
  />
  <div
    class="SquareView css-8516zs"
  />
  <div
    class="SquareView css-8516zs"
  />
  <div
    class="SquareView css-8516zs"
  />
  <div
    class="SquareView css-8516zs"
  />
  <div
    class="SquareView css-8516zs"
  />
  <div
    class="SquareView css-8516zs"
  />
  <div
    class="SquareView css-8516zs"
  />
  <div
    class="SquareView css-8516zs"
  />
  <div
    class="SquareView css-8516zs"
  >
    <img
      alt=""
      class="Piece P css-lipao6"
      opacity="1"
      src="[object Object]"
    />
  </div>
  <div
    class="SquareView css-8516zs"
  />
  <div
    class="SquareView css-8516zs"
  >
    <img
      alt=""
      class="Piece P css-lipao6"
      opacity="1"
      src="[object Object]"
    />
  </div>
  <div
    class="SquareView css-8516zs"
  />
  <div
    class="SquareView css-8516zs"
  >
    <img
      alt=""
      class="Piece P css-lipao6"
      opacity="1"
      src="[object Object]"
    />
  </div>
  <div
    class="SquareView css-8516zs"
  />
  <div
    class="SquareView css-8516zs"
  >
    <img
      alt=""
      class="Piece P css-lipao6"
      opacity="1"
      src="[object Object]"
    />
  </div>
  <div
    class="SquareView css-8516zs"
  />
  <div
    class="SquareView css-8516zs"
  >
    <img
      alt=""
      class="Piece P css-lipao6"
      opacity="1"
      src="[object Object]"
    />
  </div>
  <div
    class="SquareView css-8516zs"
  />
  <div
    class="SquareView css-8516zs"
  >
    <img
      alt=""
      class="Piece C css-lipao6"
      opacity="1"
      src="[object Object]"
    />
  </div>
  <div
    class="SquareView css-8516zs"
  />
  <div
    class="SquareView css-8516zs"
  />
  <div
    class="SquareView css-8516zs"
  />
  <div
    class="SquareView css-8516zs"
  />
  <div
    class="SquareView css-8516zs"
  />
  <div
    class="SquareView css-8516zs"
  >
    <img
      alt=""
      class="Piece C css-lipao6"
      opacity="1"
      src="[object Object]"
    />
  </div>
  <div
    class="SquareView css-8516zs"
  />
  <div
    class="SquareView css-8516zs"
  />
  <div
    class="SquareView css-8516zs"
  />
  <div
    class="SquareView css-8516zs"
  />
  <div
    class="SquareView css-8516zs"
  />
  <div
    class="SquareView css-8516zs"
  />
  <div
    class="SquareView css-8516zs"
  />
  <div
    class="SquareView css-8516zs"
  />
  <div
    class="SquareView css-8516zs"
  />
  <div
    class="SquareView css-8516zs"
  />
  <div
    class="SquareView css-8516zs"
  >
    <img
      alt=""
      class="Piece R css-lipao6"
      opacity="1"
      src="[object Object]"
    />
  </div>
  <div
    class="SquareView css-8516zs"
  >
    <img
      alt=""
      class="Piece N css-lipao6"
      opacity="1"
      src="[object Object]"
    />
  </div>
  <div
    class="SquareView css-8516zs"
  >
    <img
      alt=""
      class="Piece B css-lipao6"
      opacity="1"
      src="[object Object]"
    />
  </div>
  <div
    class="SquareView css-8516zs"
  >
    <img
      alt=""
      class="Piece A css-lipao6"
      opacity="1"
      src="[object Object]"
    />
  </div>
  <div
    class="SquareView css-8516zs"
  >
    <img
      alt=""
      class="Piece K css-lipao6"
      opacity="1"
      src="[object Object]"
    />
  </div>
  <div
    class="SquareView css-8516zs"
  >
    <img
      alt=""
      class="Piece A css-lipao6"
      opacity="1"
      src="[object Object]"
    />
  </div>
  <div
    class="SquareView css-8516zs"
  >
    <img
      alt=""
      class="Piece B css-lipao6"
      opacity="1"
      src="[object Object]"
    />
  </div>
  <div
    class="SquareView css-8516zs"
  >
    <img
      alt=""
      class="Piece N css-lipao6"
      opacity="1"
      src="[object Object]"
    />
  </div>
  <div
    class="SquareView css-8516zs"
  >
    <img
      alt=""
      class="Piece R css-lipao6"
      opacity="1"
      src="[object Object]"
    />
  </div>
</div>
`;
