// Jest Snapshot v1, https://goo.gl/fbAQLP

exports[`Board renders without crashing 1`] = `
<div
  class="BoardView css-15qugnt"
>
  <div
    class="Square css-8516zs"
  >
    <img
      alt=""
      class="Piece r css-1aulbbe"
      src="[object Object]"
    />
  </div>
  <div
    class="Square css-8516zs"
  >
    <img
      alt=""
      class="Piece n css-1aulbbe"
      src="[object Object]"
    />
  </div>
  <div
    class="Square css-8516zs"
  >
    <img
      alt=""
      class="Piece b css-1aulbbe"
      src="[object Object]"
    />
  </div>
  <div
    class="Square css-8516zs"
  >
    <img
      alt=""
      class="Piece a css-1aulbbe"
      src="[object Object]"
    />
  </div>
  <div
    class="Square css-8516zs"
  >
    <img
      alt=""
      class="Piece k css-1aulbbe"
      src="[object Object]"
    />
  </div>
  <div
    class="Square css-8516zs"
  >
    <img
      alt=""
      class="Piece a css-1aulbbe"
      src="[object Object]"
    />
  </div>
  <div
    class="Square css-8516zs"
  >
    <img
      alt=""
      class="Piece b css-1aulbbe"
      src="[object Object]"
    />
  </div>
  <div
    class="Square css-8516zs"
  >
    <img
      alt=""
      class="Piece n css-1aulbbe"
      src="[object Object]"
    />
  </div>
  <div
    class="Square css-8516zs"
  >
    <img
      alt=""
      class="Piece r css-1aulbbe"
      src="[object Object]"
    />
  </div>
  <div
    class="Square css-8516zs"
  />
  <div
    class="Square css-8516zs"
  />
  <div
    class="Square css-8516zs"
  />
  <div
    class="Square css-8516zs"
  />
  <div
    class="Square css-8516zs"
  />
  <div
    class="Square css-8516zs"
  />
  <div
    class="Square css-8516zs"
  />
  <div
    class="Square css-8516zs"
  />
  <div
    class="Square css-8516zs"
  />
  <div
    class="Square css-8516zs"
  />
  <div
    class="Square css-8516zs"
  >
    <img
      alt=""
      class="Piece c css-1aulbbe"
      src="[object Object]"
    />
  </div>
  <div
    class="Square css-8516zs"
  />
  <div
    class="Square css-8516zs"
  />
  <div
    class="Square css-8516zs"
  />
  <div
    class="Square css-8516zs"
  />
  <div
    class="Square css-8516zs"
  />
  <div
    class="Square css-8516zs"
  >
    <img
      alt=""
      class="Piece c css-1aulbbe"
      src="[object Object]"
    />
  </div>
  <div
    class="Square css-8516zs"
  />
  <div
    class="Square css-8516zs"
  >
    <img
      alt=""
      class="Piece p css-1aulbbe"
      src="[object Object]"
    />
  </div>
  <div
    class="Square css-8516zs"
  />
  <div
    class="Square css-8516zs"
  >
    <img
      alt=""
      class="Piece p css-1aulbbe"
      src="[object Object]"
    />
  </div>
  <div
    class="Square css-8516zs"
  />
  <div
    class="Square css-8516zs"
  >
    <img
      alt=""
      class="Piece p css-1aulbbe"
      src="[object Object]"
    />
  </div>
  <div
    class="Square css-8516zs"
  />
  <div
    class="Square css-8516zs"
  >
    <img
      alt=""
      class="Piece p css-1aulbbe"
      src="[object Object]"
    />
  </div>
  <div
    class="Square css-8516zs"
  />
  <div
    class="Square css-8516zs"
  >
    <img
      alt=""
      class="Piece p css-1aulbbe"
      src="[object Object]"
    />
  </div>
  <div
    class="Square css-8516zs"
  />
  <div
    class="Square css-8516zs"
  />
  <div
    class="Square css-8516zs"
  />
  <div
    class="Square css-8516zs"
  />
  <div
    class="Square css-8516zs"
  />
  <div
    class="Square css-8516zs"
  />
  <div
    class="Square css-8516zs"
  />
  <div
    class="Square css-8516zs"
  />
  <div
    class="Square css-8516zs"
  />
  <div
    class="Square css-8516zs"
  />
  <div
    class="Square css-8516zs"
  />
  <div
    class="Square css-8516zs"
  />
  <div
    class="Square css-8516zs"
  />
  <div
    class="Square css-8516zs"
  />
  <div
    class="Square css-8516zs"
  />
  <div
    class="Square css-8516zs"
  />
  <div
    class="Square css-8516zs"
  />
  <div
    class="Square css-8516zs"
  />
  <div
    class="Square css-8516zs"
  >
    <img
      alt=""
      class="Piece P css-1aulbbe"
      src="[object Object]"
    />
  </div>
  <div
    class="Square css-8516zs"
  />
  <div
    class="Square css-8516zs"
  >
    <img
      alt=""
      class="Piece P css-1aulbbe"
      src="[object Object]"
    />
  </div>
  <div
    class="Square css-8516zs"
  />
  <div
    class="Square css-8516zs"
  >
    <img
      alt=""
      class="Piece P css-1aulbbe"
      src="[object Object]"
    />
  </div>
  <div
    class="Square css-8516zs"
  />
  <div
    class="Square css-8516zs"
  >
    <img
      alt=""
      class="Piece P css-1aulbbe"
      src="[object Object]"
    />
  </div>
  <div
    class="Square css-8516zs"
  />
  <div
    class="Square css-8516zs"
  >
    <img
      alt=""
      class="Piece P css-1aulbbe"
      src="[object Object]"
    />
  </div>
  <div
    class="Square css-8516zs"
  />
  <div
    class="Square css-8516zs"
  >
    <img
      alt=""
      class="Piece C css-1aulbbe"
      src="[object Object]"
    />
  </div>
  <div
    class="Square css-8516zs"
  />
  <div
    class="Square css-8516zs"
  />
  <div
    class="Square css-8516zs"
  />
  <div
    class="Square css-8516zs"
  />
  <div
    class="Square css-8516zs"
  />
  <div
    class="Square css-8516zs"
  >
    <img
      alt=""
      class="Piece C css-1aulbbe"
      src="[object Object]"
    />
  </div>
  <div
    class="Square css-8516zs"
  />
  <div
    class="Square css-8516zs"
  />
  <div
    class="Square css-8516zs"
  />
  <div
    class="Square css-8516zs"
  />
  <div
    class="Square css-8516zs"
  />
  <div
    class="Square css-8516zs"
  />
  <div
    class="Square css-8516zs"
  />
  <div
    class="Square css-8516zs"
  />
  <div
    class="Square css-8516zs"
  />
  <div
    class="Square css-8516zs"
  />
  <div
    class="Square css-8516zs"
  >
    <img
      alt=""
      class="Piece R css-1aulbbe"
      src="[object Object]"
    />
  </div>
  <div
    class="Square css-8516zs"
  >
    <img
      alt=""
      class="Piece N css-1aulbbe"
      src="[object Object]"
    />
  </div>
  <div
    class="Square css-8516zs"
  >
    <img
      alt=""
      class="Piece B css-1aulbbe"
      src="[object Object]"
    />
  </div>
  <div
    class="Square css-8516zs"
  >
    <img
      alt=""
      class="Piece A css-1aulbbe"
      src="[object Object]"
    />
  </div>
  <div
    class="Square css-8516zs"
  >
    <img
      alt=""
      class="Piece K css-1aulbbe"
      src="[object Object]"
    />
  </div>
  <div
    class="Square css-8516zs"
  >
    <img
      alt=""
      class="Piece A css-1aulbbe"
      src="[object Object]"
    />
  </div>
  <div
    class="Square css-8516zs"
  >
    <img
      alt=""
      class="Piece B css-1aulbbe"
      src="[object Object]"
    />
  </div>
  <div
    class="Square css-8516zs"
  >
    <img
      alt=""
      class="Piece N css-1aulbbe"
      src="[object Object]"
    />
  </div>
  <div
    class="Square css-8516zs"
  >
    <img
      alt=""
      class="Piece R css-1aulbbe"
      src="[object Object]"
    />
  </div>
</div>
`;
