// Jest Snapshot v1, https://goo.gl/fbAQLP

exports[`renders without crashing 1`] = `
<div
  class="ui center aligned container"
>
  <div
    class="ui compact segments"
  >
    <div
      class="ui segment"
    >
      <div
        class="ui large header"
      >
        Play online
      </div>
      <div>
        Welcome undefined
      </div>
      <div
        class="GameList css-8bzhik"
      >
        <div
          class="ui medium header"
        >
          Games in play
        </div>
        <div
          class="css-1vrdtb6"
        />
      </div>
    </div>
    <div
      class="ui segment"
    >
      <div
        class="ui medium header"
      >
        Create game
      </div>
      <div
        class="NewGameMenu css-1hstsbv"
      >
        <div
          class="ui fluid buttons"
        >
          <button
            class="ui icon button"
          >
            <i
              aria-hidden="true"
              class="red plus square outline fitted icon"
            />
          </button>
          <button
            class="ui icon button"
          >
            <i
              aria-hidden="true"
              class="black plus square outline fitted icon"
            />
          </button>
          <button
            class="ui icon button"
          >
            <i
              aria-hidden="true"
              class="question fitted icon"
            />
          </button>
        </div>
      </div>
    </div>
    <div
      class="ui segment"
    >
      <div
        class="Lobby css-8bzhik"
      >
        <div
          class="ui medium header"
        >
          Lobby
        </div>
        <div
          class="css-1vrdtb6"
        />
      </div>
    </div>
    <div
      class="ui segment"
    >
      <div
        class="ui large header"
      >
        Other modes
      </div>
      <button
        class="ui button"
      >
        Solo play
      </button>
      <button
        class="ui button"
      >
        vs CPU
      </button>
      <button
        class="ui button"
      >
        CPU vs CPU
      </button>
    </div>
  </div>
</div>
`;
