// Jest Snapshot v1, https://goo.gl/fbAQLP

exports[`BoardView bottom player has black pieces snapshot 1`] = `
<Styled(div)
  className="BoardView"
>
  <Square
    key="i1"
    square="i1"
  />
  <Square
    key="h1"
    square="h1"
  />
  <Square
    key="g1"
    square="g1"
  />
  <Square
    key="f1"
    square="f1"
  />
  <Square
    key="e1"
    square="e1"
  />
  <Square
    key="d1"
    square="d1"
  />
  <Square
    key="c1"
    square="c1"
  />
  <Square
    key="b1"
    square="b1"
  />
  <Square
    key="a1"
    square="a1"
  />
  <Square
    key="i2"
    square="i2"
  />
  <Square
    key="h2"
    square="h2"
  />
  <Square
    key="g2"
    square="g2"
  />
  <Square
    key="f2"
    square="f2"
  />
  <Square
    key="e2"
    square="e2"
  />
  <Square
    key="d2"
    square="d2"
  />
  <Square
    key="c2"
    square="c2"
  />
  <Square
    key="b2"
    square="b2"
  />
  <Square
    key="a2"
    square="a2"
  />
  <Square
    key="i3"
    square="i3"
  />
  <Square
    key="h3"
    square="h3"
  />
  <Square
    key="g3"
    square="g3"
  />
  <Square
    key="f3"
    square="f3"
  />
  <Square
    key="e3"
    square="e3"
  />
  <Square
    key="d3"
    square="d3"
  />
  <Square
    key="c3"
    square="c3"
  />
  <Square
    key="b3"
    square="b3"
  />
  <Square
    key="a3"
    square="a3"
  />
  <Square
    key="i4"
    square="i4"
  />
  <Square
    key="h4"
    square="h4"
  />
  <Square
    key="g4"
    square="g4"
  />
  <Square
    key="f4"
    square="f4"
  />
  <Square
    key="e4"
    square="e4"
  />
  <Square
    key="d4"
    square="d4"
  />
  <Square
    key="c4"
    square="c4"
  />
  <Square
    key="b4"
    square="b4"
  />
  <Square
    key="a4"
    square="a4"
  />
  <Square
    key="i5"
    square="i5"
  />
  <Square
    key="h5"
    square="h5"
  />
  <Square
    key="g5"
    square="g5"
  />
  <Square
    key="f5"
    square="f5"
  />
  <Square
    key="e5"
    square="e5"
  />
  <Square
    key="d5"
    square="d5"
  />
  <Square
    key="c5"
    square="c5"
  />
  <Square
    key="b5"
    square="b5"
  />
  <Square
    key="a5"
    square="a5"
  />
  <Square
    key="i6"
    square="i6"
  />
  <Square
    key="h6"
    square="h6"
  />
  <Square
    key="g6"
    square="g6"
  />
  <Square
    key="f6"
    square="f6"
  />
  <Square
    key="e6"
    square="e6"
  />
  <Square
    key="d6"
    square="d6"
  />
  <Square
    key="c6"
    square="c6"
  />
  <Square
    key="b6"
    square="b6"
  />
  <Square
    key="a6"
    square="a6"
  />
  <Square
    key="i7"
    square="i7"
  />
  <Square
    key="h7"
    square="h7"
  />
  <Square
    key="g7"
    square="g7"
  />
  <Square
    key="f7"
    square="f7"
  />
  <Square
    key="e7"
    square="e7"
  />
  <Square
    key="d7"
    square="d7"
  />
  <Square
    key="c7"
    square="c7"
  />
  <Square
    key="b7"
    square="b7"
  />
  <Square
    key="a7"
    square="a7"
  />
  <Square
    key="i8"
    square="i8"
  />
  <Square
    key="h8"
    square="h8"
  />
  <Square
    key="g8"
    square="g8"
  />
  <Square
    key="f8"
    square="f8"
  />
  <Square
    key="e8"
    square="e8"
  />
  <Square
    key="d8"
    square="d8"
  />
  <Square
    key="c8"
    square="c8"
  />
  <Square
    key="b8"
    square="b8"
  />
  <Square
    key="a8"
    square="a8"
  />
  <Square
    key="i9"
    square="i9"
  />
  <Square
    key="h9"
    square="h9"
  />
  <Square
    key="g9"
    square="g9"
  />
  <Square
    key="f9"
    square="f9"
  />
  <Square
    key="e9"
    square="e9"
  />
  <Square
    key="d9"
    square="d9"
  />
  <Square
    key="c9"
    square="c9"
  />
  <Square
    key="b9"
    square="b9"
  />
  <Square
    key="a9"
    square="a9"
  />
  <Square
    key="i10"
    square="i10"
  />
  <Square
    key="h10"
    square="h10"
  />
  <Square
    key="g10"
    square="g10"
  />
  <Square
    key="f10"
    square="f10"
  />
  <Square
    key="e10"
    square="e10"
  />
  <Square
    key="d10"
    square="d10"
  />
  <Square
    key="c10"
    square="c10"
  />
  <Square
    key="b10"
    square="b10"
  />
  <Square
    key="a10"
    square="a10"
  />
</Styled(div)>
`;

exports[`BoardView bottom player has red pieces snapshot 1`] = `
<Styled(div)
  className="BoardView"
>
  <Square
    key="a10"
    square="a10"
  />
  <Square
    key="b10"
    square="b10"
  />
  <Square
    key="c10"
    square="c10"
  />
  <Square
    key="d10"
    square="d10"
  />
  <Square
    key="e10"
    square="e10"
  />
  <Square
    key="f10"
    square="f10"
  />
  <Square
    key="g10"
    square="g10"
  />
  <Square
    key="h10"
    square="h10"
  />
  <Square
    key="i10"
    square="i10"
  />
  <Square
    key="a9"
    square="a9"
  />
  <Square
    key="b9"
    square="b9"
  />
  <Square
    key="c9"
    square="c9"
  />
  <Square
    key="d9"
    square="d9"
  />
  <Square
    key="e9"
    square="e9"
  />
  <Square
    key="f9"
    square="f9"
  />
  <Square
    key="g9"
    square="g9"
  />
  <Square
    key="h9"
    square="h9"
  />
  <Square
    key="i9"
    square="i9"
  />
  <Square
    key="a8"
    square="a8"
  />
  <Square
    key="b8"
    square="b8"
  />
  <Square
    key="c8"
    square="c8"
  />
  <Square
    key="d8"
    square="d8"
  />
  <Square
    key="e8"
    square="e8"
  />
  <Square
    key="f8"
    square="f8"
  />
  <Square
    key="g8"
    square="g8"
  />
  <Square
    key="h8"
    square="h8"
  />
  <Square
    key="i8"
    square="i8"
  />
  <Square
    key="a7"
    square="a7"
  />
  <Square
    key="b7"
    square="b7"
  />
  <Square
    key="c7"
    square="c7"
  />
  <Square
    key="d7"
    square="d7"
  />
  <Square
    key="e7"
    square="e7"
  />
  <Square
    key="f7"
    square="f7"
  />
  <Square
    key="g7"
    square="g7"
  />
  <Square
    key="h7"
    square="h7"
  />
  <Square
    key="i7"
    square="i7"
  />
  <Square
    key="a6"
    square="a6"
  />
  <Square
    key="b6"
    square="b6"
  />
  <Square
    key="c6"
    square="c6"
  />
  <Square
    key="d6"
    square="d6"
  />
  <Square
    key="e6"
    square="e6"
  />
  <Square
    key="f6"
    square="f6"
  />
  <Square
    key="g6"
    square="g6"
  />
  <Square
    key="h6"
    square="h6"
  />
  <Square
    key="i6"
    square="i6"
  />
  <Square
    key="a5"
    square="a5"
  />
  <Square
    key="b5"
    square="b5"
  />
  <Square
    key="c5"
    square="c5"
  />
  <Square
    key="d5"
    square="d5"
  />
  <Square
    key="e5"
    square="e5"
  />
  <Square
    key="f5"
    square="f5"
  />
  <Square
    key="g5"
    square="g5"
  />
  <Square
    key="h5"
    square="h5"
  />
  <Square
    key="i5"
    square="i5"
  />
  <Square
    key="a4"
    square="a4"
  />
  <Square
    key="b4"
    square="b4"
  />
  <Square
    key="c4"
    square="c4"
  />
  <Square
    key="d4"
    square="d4"
  />
  <Square
    key="e4"
    square="e4"
  />
  <Square
    key="f4"
    square="f4"
  />
  <Square
    key="g4"
    square="g4"
  />
  <Square
    key="h4"
    square="h4"
  />
  <Square
    key="i4"
    square="i4"
  />
  <Square
    key="a3"
    square="a3"
  />
  <Square
    key="b3"
    square="b3"
  />
  <Square
    key="c3"
    square="c3"
  />
  <Square
    key="d3"
    square="d3"
  />
  <Square
    key="e3"
    square="e3"
  />
  <Square
    key="f3"
    square="f3"
  />
  <Square
    key="g3"
    square="g3"
  />
  <Square
    key="h3"
    square="h3"
  />
  <Square
    key="i3"
    square="i3"
  />
  <Square
    key="a2"
    square="a2"
  />
  <Square
    key="b2"
    square="b2"
  />
  <Square
    key="c2"
    square="c2"
  />
  <Square
    key="d2"
    square="d2"
  />
  <Square
    key="e2"
    square="e2"
  />
  <Square
    key="f2"
    square="f2"
  />
  <Square
    key="g2"
    square="g2"
  />
  <Square
    key="h2"
    square="h2"
  />
  <Square
    key="i2"
    square="i2"
  />
  <Square
    key="a1"
    square="a1"
  />
  <Square
    key="b1"
    square="b1"
  />
  <Square
    key="c1"
    square="c1"
  />
  <Square
    key="d1"
    square="d1"
  />
  <Square
    key="e1"
    square="e1"
  />
  <Square
    key="f1"
    square="f1"
  />
  <Square
    key="g1"
    square="g1"
  />
  <Square
    key="h1"
    square="h1"
  />
  <Square
    key="i1"
    square="i1"
  />
</Styled(div)>
`;
