// Jest Snapshot v1, https://goo.gl/fbAQLP

exports[`Home click solo play without crashing 1`] = `
<div
  class="ui center aligned container"
>
  <div
    class="ui compact segments"
  >
    <div
      class="ui segment"
    >
      <div
        class="ui large header"
      >
        Play online
      </div>
      <div
        class="LoginForm"
      >
        <form
          class="ui form"
        >
          <div
            class="field"
          >
            <label>
              Username
            </label>
            <div
              class="ui left icon input"
            >
              <input
                name="username"
                placeholder="Username"
                type="text"
                value=""
              />
              <i
                aria-hidden="true"
                class="user icon"
              />
            </div>
          </div>
          <div
            class="field"
          >
            <label>
              Password
            </label>
            <div
              class="ui left icon input"
            >
              <input
                name="password"
                type="password"
                value=""
              />
              <i
                aria-hidden="true"
                class="lock icon"
              />
            </div>
          </div>
          <button
            class="ui primary button"
          >
            Login
          </button>
        </form>
        <div />
      </div>
    </div>
    <div
      class="ui segment"
    >
      <div
        class="ui medium header"
      >
        Create game
      </div>
      <div
        class="NewGameMenu css-1hstsbv"
      >
        <div
          class="ui fluid buttons"
        >
          <button
            class="ui icon button"
          >
            <i
              aria-hidden="true"
              class="red plus square outline fitted icon"
            />
          </button>
          <button
            class="ui icon button"
          >
            <i
              aria-hidden="true"
              class="black plus square outline fitted icon"
            />
          </button>
          <button
            class="ui icon button"
          >
            <i
              aria-hidden="true"
              class="question fitted icon"
            />
          </button>
        </div>
      </div>
    </div>
    <div
      class="ui segment"
    >
      <div
        class="Lobby css-8bzhik"
      >
        <div
          class="ui medium header"
        >
          Lobby
        </div>
        <div
          class="css-1vrdtb6"
        />
      </div>
    </div>
    <div
      class="ui segment"
    >
      <div
        class="ui large header"
      >
        Other modes
      </div>
      <button
        class="ui button"
      >
        Solo play
      </button>
      <button
        class="ui button"
      >
        vs CPU
      </button>
      <button
        class="ui button"
      >
        CPU vs CPU
      </button>
    </div>
  </div>
</div>
`;

exports[`Home click solo play without crashing 2`] = `
<div>
  <div
    class="ui basic segment blurring dimmed dimmable"
  />
</div>
`;
