// Jest Snapshot v1, https://goo.gl/fbAQLP

exports[`GameList snapshot 1`] = `
<Styled(div)
  className="GameList"
>
  <Header
    size="medium"
  >
    Games in play
  </Header>
  <Styled(div)>
    <GameLink
      game={
        Object {
          "slug": "abc123",
        }
      }
      key="abc123"
    />
    <GameLink
      game={
        Object {
          "slug": "zyx987",
        }
      }
      key="zyx987"
    />
  </Styled(div)>
</Styled(div)>
`;
