// Jest Snapshot v1, https://goo.gl/fbAQLP

exports[`GameList snapshot 1`] = `
<Styled(div)
  className="GameList"
>
  <Header
    size="medium"
  >
    Games in play
  </Header>
  <Styled(div)>
    <GameLink
      key="abc123"
      slug="abc123"
    />
    <GameLink
      key="zyx987"
      slug="zyx987"
    />
  </Styled(div)>
</Styled(div)>
`;
